// Jest Snapshot v1, https://goo.gl/fbAQLP

exports[`Testing for <AddCategory /> should be matched with the snapshot 1`] = `
<div>
  <form
    aria-label="form"
    class="group relative"
  >
    <svg
      aria-hidden="true"
      class="absolute left-3 top-1/2 -mt-2.5 text-slate-400 pointer-events-none group-focus-within:text-blue-500"
      fill="currentColor"
      height="20"
      width="20"
    >
      <path
        clip-rule="evenodd"
        d="M8 4a4 4 0 100 8 4 4 0 000-8zM2 8a6 6 0 1110.89 3.476l4.817 4.817a1 1 0 01-1.414 1.414l-4.816-4.816A6 6 0 012 8z"
        fill-rule="evenodd"
      />
    </svg>
    <input
      aria-label="Type anything..."
      class="focus:ring-2 focus:ring-blue-500 focus:outline-none appearance-none w-full text-sm leading-6 text-slate-900 placeholder-slate-400 rounded-md py-2 pl-10 ring-1 ring-slate-200 shadow-xl"
      placeholder="Type anything..."
      type="text"
      value=""
    />
  </form>
</div>
`;
